[Licensing::Module] Trying to connect to existing licensing client channel...
[Licensing::IpcConnector] Successfully connected to: "LicenseClient-lol xdd" at "2026-08-12T12:33:43.5413014Z"
Built from '6000.4/staging' branch; Version is '6000.4.3f1 (39d1a88d4dd1) revision 3789224'; Using compiler version '194234433'; Build Type 'Release'
OS: 'Windows 11  (10.0.26200) Professional' Language: 'es' Physical Memory: 7916 MB
BatchMode: 1, IsHumanControllingUs: 0, StartBugReporterOnCrash: 0, Is64bit: 1
System  architecture: x64
Process architecture: x64
Date: 2026-08-12T12:33:43Z

COMMAND LINE ARGUMENTS:
C:\Program Files\Unity\Hub\Editor\6000.4.3f1\Editor\Unity.exe
-batchmode
-nographics
-quit
-projectPath
C:\Users\lol xdd\OneDrive\Documentos\Colegio\Echoes of you
-logFile
Tools\Logs\vn_dialogue_compile.log
Successfully changed project path to: C:\Users\lol xdd\OneDrive\Documentos\Colegio\Echoes of you
C:/Users/lol xdd/OneDrive/Documentos/Colegio/Echoes of you
Exiting without the bug reporter. Application will terminate with return code 1